#-----------------------------------------------------------
# Vivado v2018.3 (64-bit)
# SW Build 2405991 on Thu Dec  6 23:38:27 MST 2018
# IP Build 2404404 on Fri Dec  7 01:43:56 MST 2018
# Start of session at: Sun May  2 22:40:10 2021
# Process ID: 6912
# Current directory: C:/Users/lacze/Desktop/AGH-FPGA-S8/AGH-ZYNQ-S8-2021/ADDER_PROJECTS_STANDARD/1 - PAWEL/EBAZ4205
# Command line: vivado.exe -gui_launcher_event rodinguilauncherevent4396 C:\Users\lacze\Desktop\AGH-FPGA-S8\AGH-ZYNQ-S8-2021\ADDER_PROJECTS_STANDARD\1 - PAWEL\EBAZ4205\TEST_PROJ.xpr
# Log file: C:/Users/lacze/Desktop/AGH-FPGA-S8/AGH-ZYNQ-S8-2021/ADDER_PROJECTS_STANDARD/1 - PAWEL/EBAZ4205/vivado.log
# Journal file: C:/Users/lacze/Desktop/AGH-FPGA-S8/AGH-ZYNQ-S8-2021/ADDER_PROJECTS_STANDARD/1 - PAWEL/EBAZ4205\vivado.jou
#-----------------------------------------------------------
start_gui
open_project {C:/Users/lacze/Desktop/AGH-FPGA-S8/AGH-ZYNQ-S8-2021/ADDER_PROJECTS_STANDARD/1 - PAWEL/EBAZ4205/TEST_PROJ.xpr}
update_compile_order -fileset sources_1
launch_simulation
source series_adder_TB.tcl
close_sim
synth_design -rtl -name rtl_1
reset_run synth_1
launch_runs synth_1 -jobs 16
wait_on_run synth_1
close_design
open_run synth_1 -name synth_1
launch_runs impl_1 -jobs 16
wait_on_run impl_1
close_design
open_run impl_1
close_design
